[rank0]: Traceback (most recent call last):
[rank0]:   File "<frozen runpy>", line 198, in _run_module_as_main
[rank0]:   File "<frozen runpy>", line 88, in _run_code
[rank0]:   File "/mmfs1/home/an57/dml-bench/src/dist_trainer.py", line 399, in <module>
[rank0]:     main()
[rank0]:   File "/mmfs1/home/an57/dml-bench/src/dist_trainer.py", line 393, in main
[rank0]:     trainer.train()
[rank0]:   File "/mmfs1/home/an57/dml-bench/src/dist_trainer.py", line 248, in train
[rank0]:     stats = self.train_one_epoch(epoch)
[rank0]:             ^^^^^^^^^^^^^^^^^^^^^^^^^^^
[rank0]:   File "/mmfs1/home/an57/dml-bench/src/dist_trainer.py", line 190, in train_one_epoch
[rank0]:     self._check_batch(x, y)
[rank0]:   File "/mmfs1/home/an57/dml-bench/src/dist_trainer.py", line 144, in _check_batch
[rank0]:     dist.all_gather(gathered, s)
[rank0]:   File "/project/ikoutis/conda_env/dml-torch/lib/python3.11/site-packages/torch/distributed/c10d_logger.py", line 83, in wrapper
[rank0]:     return func(*args, **kwargs)
[rank0]:            ^^^^^^^^^^^^^^^^^^^^^
[rank0]:   File "/project/ikoutis/conda_env/dml-torch/lib/python3.11/site-packages/torch/distributed/distributed_c10d.py", line 4280, in all_gather
[rank0]:     work = group.allgather([tensor_list], [tensor], opts)
[rank0]:            ^^^^^^^^^^^^^^^^^^^^^^^^^^^^^^^^^^^^^^^^^^^^^^
[rank0]: torch.distributed.DistBackendError: NCCL error in: /__w/pytorch/pytorch/torch/csrc/distributed/c10d/ProcessGroupNCCL.cpp:3866, unhandled cuda error (run with NCCL_DEBUG=INFO for details), NCCL version 2.29.7
[rank0]: ncclUnhandledCudaError: Call to CUDA function failed.
[rank0]: Last error:
[rank0]: Cuda failure 101 'invalid device ordinal'
[rank5]: Traceback (most recent call last):
[rank5]:   File "<frozen runpy>", line 198, in _run_module_as_main
[rank5]:   File "<frozen runpy>", line 88, in _run_code
[rank5]:   File "/mmfs1/home/an57/dml-bench/src/dist_trainer.py", line 399, in <module>
[rank5]:     main()
[rank5]:   File "/mmfs1/home/an57/dml-bench/src/dist_trainer.py", line 393, in main
[rank5]:     trainer.train()
[rank5]:   File "/mmfs1/home/an57/dml-bench/src/dist_trainer.py", line 248, in train
[rank5]:     stats = self.train_one_epoch(epoch)
[rank5]:             ^^^^^^^^^^^^^^^^^^^^^^^^^^^
[rank5]:   File "/mmfs1/home/an57/dml-bench/src/dist_trainer.py", line 190, in train_one_epoch
[rank5]:     self._check_batch(x, y)
[rank5]:   File "/mmfs1/home/an57/dml-bench/src/dist_trainer.py", line 144, in _check_batch
[rank5]:     dist.all_gather(gathered, s)
[rank5]:   File "/project/ikoutis/conda_env/dml-torch/lib/python3.11/site-packages/torch/distributed/c10d_logger.py", line 83, in wrapper
[rank5]:     return func(*args, **kwargs)
[rank5]:            ^^^^^^^^^^^^^^^^^^^^^
[rank5]:   File "/project/ikoutis/conda_env/dml-torch/lib/python3.11/site-packages/torch/distributed/distributed_c10d.py", line 4280, in all_gather
[rank5]:     work = group.allgather([tensor_list], [tensor], opts)
[rank5]:            ^^^^^^^^^^^^^^^^^^^^^^^^^^^^^^^^^^^^^^^^^^^^^^
[rank5]: torch.distributed.DistBackendError: NCCL error in: /__w/pytorch/pytorch/torch/csrc/distributed/c10d/ProcessGroupNCCL.cpp:3866, unhandled cuda error (run with NCCL_DEBUG=INFO for details), NCCL version 2.29.7
[rank5]: ncclUnhandledCudaError: Call to CUDA function failed.
[rank5]: Last error:
[rank5]: Cuda failure 101 'invalid device ordinal'
[rank4]: Traceback (most recent call last):
[rank4]:   File "<frozen runpy>", line 198, in _run_module_as_main
[rank4]:   File "<frozen runpy>", line 88, in _run_code
[rank4]:   File "/mmfs1/home/an57/dml-bench/src/dist_trainer.py", line 399, in <module>
[rank4]:     main()
[rank4]:   File "/mmfs1/home/an57/dml-bench/src/dist_trainer.py", line 393, in main
[rank4]:     trainer.train()
[rank4]:   File "/mmfs1/home/an57/dml-bench/src/dist_trainer.py", line 248, in train
[rank4]:     stats = self.train_one_epoch(epoch)
[rank4]:             ^^^^^^^^^^^^^^^^^^^^^^^^^^^
[rank4]:   File "/mmfs1/home/an57/dml-bench/src/dist_trainer.py", line 190, in train_one_epoch
[rank4]:     self._check_batch(x, y)
[rank4]:   File "/mmfs1/home/an57/dml-bench/src/dist_trainer.py", line 144, in _check_batch
[rank4]:     dist.all_gather(gathered, s)
[rank4]:   File "/project/ikoutis/conda_env/dml-torch/lib/python3.11/site-packages/torch/distributed/c10d_logger.py", line 83, in wrapper
[rank4]:     return func(*args, **kwargs)
[rank4]:            ^^^^^^^^^^^^^^^^^^^^^
[rank4]:   File "/project/ikoutis/conda_env/dml-torch/lib/python3.11/site-packages/torch/distributed/distributed_c10d.py", line 4280, in all_gather
[rank4]:     work = group.allgather([tensor_list], [tensor], opts)
[rank4]:            ^^^^^^^^^^^^^^^^^^^^^^^^^^^^^^^^^^^^^^^^^^^^^^
[rank4]: torch.distributed.DistBackendError: NCCL error in: /__w/pytorch/pytorch/torch/csrc/distributed/c10d/ProcessGroupNCCL.cpp:3866, unhandled cuda error (run with NCCL_DEBUG=INFO for details), NCCL version 2.29.7
[rank4]: ncclUnhandledCudaError: Call to CUDA function failed.
[rank4]: Last error:
[rank4]: Cuda failure 101 'invalid device ordinal'
[rank1]: Traceback (most recent call last):
[rank1]:   File "<frozen runpy>", line 198, in _run_module_as_main
[rank1]:   File "<frozen runpy>", line 88, in _run_code
[rank1]:   File "/mmfs1/home/an57/dml-bench/src/dist_trainer.py", line 399, in <module>
[rank1]:     main()
[rank1]:   File "/mmfs1/home/an57/dml-bench/src/dist_trainer.py", line 393, in main
[rank1]:     trainer.train()
[rank1]:   File "/mmfs1/home/an57/dml-bench/src/dist_trainer.py", line 248, in train
[rank1]:     stats = self.train_one_epoch(epoch)
[rank1]:             ^^^^^^^^^^^^^^^^^^^^^^^^^^^
[rank1]:   File "/mmfs1/home/an57/dml-bench/src/dist_trainer.py", line 190, in train_one_epoch
[rank1]:     self._check_batch(x, y)
[rank1]:   File "/mmfs1/home/an57/dml-bench/src/dist_trainer.py", line 144, in _check_batch
[rank1]:     dist.all_gather(gathered, s)
[rank1]:   File "/project/ikoutis/conda_env/dml-torch/lib/python3.11/site-packages/torch/distributed/c10d_logger.py", line 83, in wrapper
[rank1]:     return func(*args, **kwargs)
[rank1]:            ^^^^^^^^^^^^^^^^^^^^^
[rank1]:   File "/project/ikoutis/conda_env/dml-torch/lib/python3.11/site-packages/torch/distributed/distributed_c10d.py", line 4280, in all_gather
[rank1]:     work = group.allgather([tensor_list], [tensor], opts)
[rank1]:            ^^^^^^^^^^^^^^^^^^^^^^^^^^^^^^^^^^^^^^^^^^^^^^
[rank1]: torch.distributed.DistBackendError: NCCL error in: /__w/pytorch/pytorch/torch/csrc/distributed/c10d/ProcessGroupNCCL.cpp:3866, unhandled cuda error (run with NCCL_DEBUG=INFO for details), NCCL version 2.29.7
[rank1]: ncclUnhandledCudaError: Call to CUDA function failed.
[rank1]: Last error:
[rank1]: Cuda failure 101 'invalid device ordinal'
[rank0]:[W1002 12:19:20.990428764 ProcessGroupNCCL.cpp:1624] Warning: WARNING: destroy_process_group() was not called before program exit, which can leak resources. For more info, please see https://pytorch.org/docs/stable/distributed.html#shutdown (function operator())
[rank5]:[W1002 12:19:20.052501121 ProcessGroupNCCL.cpp:1624] Warning: WARNING: destroy_process_group() was not called before program exit, which can leak resources. For more info, please see https://pytorch.org/docs/stable/distributed.html#shutdown (function operator())
[rank4]:[W1002 12:19:20.108888727 ProcessGroupNCCL.cpp:1624] Warning: WARNING: destroy_process_group() was not called before program exit, which can leak resources. For more info, please see https://pytorch.org/docs/stable/distributed.html#shutdown (function operator())
[rank1]:[W1002 12:19:20.191805700 ProcessGroupNCCL.cpp:1624] Warning: WARNING: destroy_process_group() was not called before program exit, which can leak resources. For more info, please see https://pytorch.org/docs/stable/distributed.html#shutdown (function operator())
[rank3]:[W1002 12:19:20.610633913 TCPStore.cpp:125] [c10d] recvValue failed on SocketImpl(fd=58, addr=[n0089.cm.cluster]:45398, remote=[n0001.cm.cluster]:29507): Failed to recv, got 0 bytes. Connection was likely closed. Did the remote server shutdown or crash?
Exception raised from recvBytes at /__w/pytorch/pytorch/torch/csrc/distributed/c10d/Utils.hpp:787 (most recent call first):
frame #0: c10::Error::Error(c10::SourceLocation, std::__cxx11::basic_string<char, std::char_traits<char>, std::allocator<char> >) + 0x9d (0x15549afd0bfd in /project/ikoutis/conda_env/dml-torch/lib/python3.11/site-packages/torch/lib/libc10.so)
frame #1: c10::DistError::DistError(c10::SourceLocation, std::__cxx11::basic_string<char, std::char_traits<char>, std::allocator<char> >) + 0x72 (0x15549afd1bd2 in /project/ikoutis/conda_env/dml-torch/lib/python3.11/site-packages/torch/lib/libc10.so)
frame #2: c10::DistNetworkError::DistNetworkError(c10::SourceLocation, std::__cxx11::basic_string<char, std::char_traits<char>, std::allocator<char> >) + 0x72 (0x15549afd2092 in /project/ikoutis/conda_env/dml-torch/lib/python3.11/site-packages/torch/lib/libc10.so)
frame #3: <unknown function> + 0x66acf0d (0x1554ba066f0d in /project/ikoutis/conda_env/dml-torch/lib/python3.11/site-packages/torch/lib/libtorch_cpu.so)
frame #4: c10d::TCPStore::check(std::vector<std::__cxx11::basic_string<char, std::char_traits<char>, std::allocator<char> >, std::allocator<std::__cxx11::basic_string<char, std::char_traits<char>, std::allocator<char> > > > const&) + 0x383 (0x1554ba0603e3 in /project/ikoutis/conda_env/dml-torch/lib/python3.11/site-packages/torch/lib/libtorch_cpu.so)
frame #5: c10d::ProcessGroupNCCL::HeartbeatMonitor::runLoop() + 0x43d (0x15549bfc119d in /project/ikoutis/conda_env/dml-torch/lib/python3.11/site-packages/torch/lib/libtorch_cuda.so)
frame #6: <unknown function> + 0xdbad4 (0x155552adbad4 in /lib64/libstdc++.so.6)
frame #7: <unknown function> + 0x8b699 (0x15555528b699 in /lib64/libc.so.6)
frame #8: <unknown function> + 0x1108a0 (0x1555553108a0 in /lib64/libc.so.6)

[rank3]:[W1002 12:19:20.653129187 ProcessGroupNCCL.cpp:1876] [PG ID 0 PG GUID 0(default_pg) Rank 3] Failed to check the "should dump" flag on TCPStore, (maybe TCPStore server has shut down too early), with error: Failed to recv, got 0 bytes. Connection was likely closed. Did the remote server shutdown or crash?
[rank2]:[W1002 12:19:20.398301151 TCPStore.cpp:125] [c10d] recvValue failed on SocketImpl(fd=57, addr=[n0002.cm.cluster]:54724, remote=[n0001.cm.cluster]:29507): Failed to recv, got 0 bytes. Connection was likely closed. Did the remote server shutdown or crash?
Exception raised from recvBytes at /__w/pytorch/pytorch/torch/csrc/distributed/c10d/Utils.hpp:787 (most recent call first):
frame #0: c10::Error::Error(c10::SourceLocation, std::__cxx11::basic_string<char, std::char_traits<char>, std::allocator<char> >) + 0x9d (0x15549afd0bfd in /project/ikoutis/conda_env/dml-torch/lib/python3.11/site-packages/torch/lib/libc10.so)
frame #1: c10::DistError::DistError(c10::SourceLocation, std::__cxx11::basic_string<char, std::char_traits<char>, std::allocator<char> >) + 0x72 (0x15549afd1bd2 in /project/ikoutis/conda_env/dml-torch/lib/python3.11/site-packages/torch/lib/libc10.so)
frame #2: c10::DistNetworkError::DistNetworkError(c10::SourceLocation, std::__cxx11::basic_string<char, std::char_traits<char>, std::allocator<char> >) + 0x72 (0x15549afd2092 in /project/ikoutis/conda_env/dml-torch/lib/python3.11/site-packages/torch/lib/libc10.so)
frame #3: <unknown function> + 0x66acf0d (0x1554ba066f0d in /project/ikoutis/conda_env/dml-torch/lib/python3.11/site-packages/torch/lib/libtorch_cpu.so)
frame #4: c10d::TCPStore::check(std::vector<std::__cxx11::basic_string<char, std::char_traits<char>, std::allocator<char> >, std::allocator<std::__cxx11::basic_string<char, std::char_traits<char>, std::allocator<char> > > > const&) + 0x383 (0x1554ba0603e3 in /project/ikoutis/conda_env/dml-torch/lib/python3.11/site-packages/torch/lib/libtorch_cpu.so)
frame #5: c10d::ProcessGroupNCCL::HeartbeatMonitor::runLoop() + 0x43d (0x15549bfc119d in /project/ikoutis/conda_env/dml-torch/lib/python3.11/site-packages/torch/lib/libtorch_cuda.so)
frame #6: <unknown function> + 0xdbad4 (0x155552adbad4 in /lib64/libstdc++.so.6)
frame #7: <unknown function> + 0x8b699 (0x15555528b699 in /lib64/libc.so.6)
frame #8: <unknown function> + 0x1108a0 (0x1555553108a0 in /lib64/libc.so.6)

[rank2]:[W1002 12:19:20.410895609 ProcessGroupNCCL.cpp:1876] [PG ID 0 PG GUID 0(default_pg) Rank 2] Failed to check the "should dump" flag on TCPStore, (maybe TCPStore server has shut down too early), with error: Failed to recv, got 0 bytes. Connection was likely closed. Did the remote server shutdown or crash?
[rank4]:[W1002 12:19:20.506532686 TCPStore.cpp:125] [c10d] recvValue failed on SocketImpl(fd=57, addr=[n0091.cm.cluster]:38612, remote=[n0001.cm.cluster]:29507): Failed to recv, got 0 bytes. Connection was likely closed. Did the remote server shutdown or crash?
Exception raised from recvBytes at /__w/pytorch/pytorch/torch/csrc/distributed/c10d/Utils.hpp:787 (most recent call first):
frame #0: c10::Error::Error(c10::SourceLocation, std::__cxx11::basic_string<char, std::char_traits<char>, std::allocator<char> >) + 0x9d (0x15549afd0bfd in /project/ikoutis/conda_env/dml-torch/lib/python3.11/site-packages/torch/lib/libc10.so)
frame #1: c10::DistError::DistError(c10::SourceLocation, std::__cxx11::basic_string<char, std::char_traits<char>, std::allocator<char> >) + 0x72 (0x15549afd1bd2 in /project/ikoutis/conda_env/dml-torch/lib/python3.11/site-packages/torch/lib/libc10.so)
frame #2: c10::DistNetworkError::DistNetworkError(c10::SourceLocation, std::__cxx11::basic_string<char, std::char_traits<char>, std::allocator<char> >) + 0x72 (0x15549afd2092 in /project/ikoutis/conda_env/dml-torch/lib/python3.11/site-packages/torch/lib/libc10.so)
frame #3: <unknown function> + 0x66acf0d (0x1554ba066f0d in /project/ikoutis/conda_env/dml-torch/lib/python3.11/site-packages/torch/lib/libtorch_cpu.so)
frame #4: c10d::TCPStore::check(std::vector<std::__cxx11::basic_string<char, std::char_traits<char>, std::allocator<char> >, std::allocator<std::__cxx11::basic_string<char, std::char_traits<char>, std::allocator<char> > > > const&) + 0x383 (0x1554ba0603e3 in /project/ikoutis/conda_env/dml-torch/lib/python3.11/site-packages/torch/lib/libtorch_cpu.so)
frame #5: c10d::ProcessGroupNCCL::HeartbeatMonitor::runLoop() + 0x43d (0x15549bfc119d in /project/ikoutis/conda_env/dml-torch/lib/python3.11/site-packages/torch/lib/libtorch_cuda.so)
frame #6: <unknown function> + 0xdbad4 (0x155552adbad4 in /lib64/libstdc++.so.6)
frame #7: <unknown function> + 0x8b699 (0x15555528b699 in /lib64/libc.so.6)
frame #8: <unknown function> + 0x1108a0 (0x1555553108a0 in /lib64/libc.so.6)

[rank1]:[W1002 12:19:20.550671637 TCPStore.cpp:125] [c10d] recvValue failed on SocketImpl(fd=58, addr=[n0001.cm.cluster]:53418, remote=[n0001.cm.cluster]:29507): Failed to recv, got 0 bytes. Connection was likely closed. Did the remote server shutdown or crash?
Exception raised from recvBytes at /__w/pytorch/pytorch/torch/csrc/distributed/c10d/Utils.hpp:787 (most recent call first):
frame #0: c10::Error::Error(c10::SourceLocation, std::__cxx11::basic_string<char, std::char_traits<char>, std::allocator<char> >) + 0x9d (0x15549afd0bfd in /project/ikoutis/conda_env/dml-torch/lib/python3.11/site-packages/torch/lib/libc10.so)
frame #1: c10::DistError::DistError(c10::SourceLocation, std::__cxx11::basic_string<char, std::char_traits<char>, std::allocator<char> >) + 0x72 (0x15549afd1bd2 in /project/ikoutis/conda_env/dml-torch/lib/python3.11/site-packages/torch/lib/libc10.so)
frame #2: c10::DistNetworkError::DistNetworkError(c10::SourceLocation, std::__cxx11::basic_string<char, std::char_traits<char>, std::allocator<char> >) + 0x72 (0x15549afd2092 in /project/ikoutis/conda_env/dml-torch/lib/python3.11/site-packages/torch/lib/libc10.so)
frame #3: <unknown function> + 0x66acf0d (0x1554ba066f0d in /project/ikoutis/conda_env/dml-torch/lib/python3.11/site-packages/torch/lib/libtorch_cpu.so)
frame #4: c10d::TCPStore::check(std::vector<std::__cxx11::basic_string<char, std::char_traits<char>, std::allocator<char> >, std::allocator<std::__cxx11::basic_string<char, std::char_traits<char>, std::allocator<char> > > > const&) + 0x383 (0x1554ba0603e3 in /project/ikoutis/conda_env/dml-torch/lib/python3.11/site-packages/torch/lib/libtorch_cpu.so)
frame #5: c10d::ProcessGroupNCCL::HeartbeatMonitor::runLoop() + 0x43d (0x15549bfc119d in /project/ikoutis/conda_env/dml-torch/lib/python3.11/site-packages/torch/lib/libtorch_cuda.so)
frame #6: <unknown function> + 0xdbad4 (0x155552adbad4 in /lib64/libstdc++.so.6)
frame #7: <unknown function> + 0x8b699 (0x15555528b699 in /lib64/libc.so.6)
frame #8: <unknown function> + 0x1108a0 (0x1555553108a0 in /lib64/libc.so.6)

[rank4]:[W1002 12:19:20.541863414 ProcessGroupNCCL.cpp:1876] [PG ID 0 PG GUID 0(default_pg) Rank 4] Failed to check the "should dump" flag on TCPStore, (maybe TCPStore server has shut down too early), with error: Failed to recv, got 0 bytes. Connection was likely closed. Did the remote server shutdown or crash?
[rank1]:[W1002 12:19:20.586262051 ProcessGroupNCCL.cpp:1876] [PG ID 0 PG GUID 0(default_pg) Rank 1] Failed to check the "should dump" flag on TCPStore, (maybe TCPStore server has shut down too early), with error: Failed to recv, got 0 bytes. Connection was likely closed. Did the remote server shutdown or crash?
srun: error: n0001: task 0: Exited with exit code 1
srun: Terminating StepId=1365798.0
[2026-10-02T12:19:21.187] error: *** STEP 1365798.0 ON n0001 CANCELLED AT 2026-10-02T12:19:21 DUE TO TASK FAILURE ***
srun: error: n0001: task 1: Terminated
srun: error: n0091: tasks 4-5: Terminated
srun: error: n0089: task 3: Terminated
srun: error: n0002: task 2: Terminated
srun: Force Terminated StepId=1365798.0
